---
source: crates/compactp/tests/cli.rs
expression: normalise_path_separators(&raw)
---
{
  "tool_version": "0.1.0",
  "schema_version": 1,
  "language_version": "0.22.0",
  "input": "tests/fixtures/demo/valid.compact",
  "data": {
    "success": true,
    "error_count": 0,
    "diagnostics": []
  }
}
